<?xml version="1.0" encoding="utf-8"?><testsuites name="pytest tests"><testsuite name="pytest" errors="0" failures="0" skipped="0" tests="378" time="2.984" timestamp="2026-05-12T01:20:55.489842+03:00" hostname="Letias"><testcase classname="tests.unit.test_api_comprehensive.TestAPIComprehensive" name="test_api_routes_import" time="0.289" /><testcase classname="tests.unit.test_api_comprehensive.TestAPIComprehensive" name="test_router_import" time="0.002" /><testcase classname="tests.unit.test_api_comprehensive.TestAPIComprehensive" name="test_auth_router_import" time="0.001" /><testcase classname="tests.unit.test_api_comprehensive.TestAPIComprehensive" name="test_users_router_import" time="0.001" /><testcase classname="tests.unit.test_api_comprehensive.TestAPIComprehensive" name="test_books_router_import" time="0.001" /><testcase classname="tests.unit.test_api_comprehensive.TestAPIComprehensive" name="test_reviews_router_import" time="0.000" /><testcase classname="tests.unit.test_api_comprehensive.TestAPIComprehensive" name="test_exchanges_router_import" time="0.000" /><testcase classname="tests.unit.test_api_comprehensive.TestAPIComprehensive" name="test_wishlist_router_import" time="0.000" /><testcase classname="tests.unit.test_api_comprehensive.TestAPIComprehensive" name="test_chat_router_import" time="0.001" /><testcase classname="tests.unit.test_api_comprehensive.TestAPIComprehensive" name="test_friends_router_import" time="0.000" /><testcase classname="tests.unit.test_api_comprehensive.TestAPIComprehensive" name="test_recs_router_import" time="0.000" /><testcase classname="tests.unit.test_api_comprehensive.TestAPIComprehensive" name="test_api_routes_structure" time="0.001" /><testcase classname="tests.unit.test_api_comprehensive.TestAPIComprehensive" name="test_router_objects_are_not_none" time="0.001" /><testcase classname="tests.unit.test_api_comprehensive.TestAPIComprehensive" name="test_router_prefixes" time="0.000" /><testcase classname="tests.unit.test_api_comprehensive.TestAPIComprehensive" name="test_router_tags" time="0.001" /><testcase classname="tests.unit.test_api_comprehensive.TestAPIComprehensive" name="test_router_routes_exist" time="0.001" /><testcase classname="tests.unit.test_api_comprehensive.TestAPIComprehensive" name="test_get_db_import" time="0.000" /><testcase classname="tests.unit.test_api_comprehensive.TestAPIComprehensive" name="test_get_current_user_import" time="0.000" /><testcase classname="tests.unit.test_api_comprehensive.TestAPIComprehensive" name="test_models_import" time="0.000" /><testcase classname="tests.unit.test_api_comprehensive.TestAPIComprehensive" name="test_services_import" time="0.000" /><testcase classname="tests.unit.test_api_comprehensive.TestAPIComprehensive" name="test_user_schemas_import" time="0.001" /><testcase classname="tests.unit.test_api_comprehensive.TestAPIComprehensive" name="test_book_schemas_import" time="0.001" /><testcase classname="tests.unit.test_api_comprehensive.TestAPIComprehensive" name="test_review_schemas_import" time="0.001" /><testcase classname="tests.unit.test_api_comprehensive.TestAPIComprehensive" name="test_exchange_schemas_import" time="0.001" /><testcase classname="tests.unit.test_api_comprehensive.TestAPIComprehensive" name="test_other_schemas_import" time="0.000" /><testcase classname="tests.unit.test_api_comprehensive.TestAPIComprehensive" name="test_optional_import" time="0.000" /><testcase classname="tests.unit.test_api_comprehensive.TestAPIComprehensive" name="test_query_import" time="0.000" /><testcase classname="tests.unit.test_api_comprehensive.TestAPIComprehensive" name="test_async_session_import" time="0.000" /><testcase classname="tests.unit.test_api_comprehensive.TestAPIComprehensive" name="test_api_router_import" time="0.001" /><testcase classname="tests.unit.test_api_comprehensive.TestAPIComprehensive" name="test_depends_import" time="0.000" /><testcase classname="tests.unit.test_core_modules.TestConfiguration" name="test_get_settings_returns_instance" time="0.001" /><testcase classname="tests.unit.test_core_modules.TestConfiguration" name="test_settings_has_required_attributes" time="0.000" /><testcase classname="tests.unit.test_core_modules.TestConfiguration" name="test_settings_default_values" time="0.002" /><testcase classname="tests.unit.test_core_modules.TestSingletonPattern" name="test_singleton_meta_class" time="0.001" /><testcase classname="tests.unit.test_core_modules.TestSingletonPattern" name="test_configuration_service_singleton" time="0.000" /><testcase classname="tests.unit.test_core_modules.TestSingletonPattern" name="test_config_service_global_instance" time="0.000" /><testcase classname="tests.unit.test_core_modules.TestFactoryPattern" name="test_database_service_factory_creation" time="0.000" /><testcase classname="tests.unit.test_core_modules.TestFactoryPattern" name="test_service_registry_not_empty" time="0.000" /><testcase classname="tests.unit.test_core_modules.TestFactoryPattern" name="test_factory_can_create_service" time="0.001" /><testcase classname="tests.unit.test_core_modules.TestObserverPattern" name="test_event_manager_creation" time="0.001" /><testcase classname="tests.unit.test_core_modules.TestObserverPattern" name="test_global_event_manager" time="0.001" /><testcase classname="tests.unit.test_core_modules.TestSecurity" name="test_token_creation_imports" time="0.001" /><testcase classname="tests.unit.test_core_modules.TestSecurity" name="test_token_structure" time="0.008" /><testcase classname="tests.unit.test_core_modules.TestSecurity" name="test_token_expiry" time="0.002" /><testcase classname="tests.unit.test_core_modules.TestSecurity" name="test_invalid_token_returns_none" time="0.001" /><testcase classname="tests.unit.test_core_modules.TestSecurity" name="test_empty_token_returns_none" time="0.000" /><testcase classname="tests.unit.test_core_modules.TestDependencies" name="test_oauth2_scheme_import" time="0.001" /><testcase classname="tests.unit.test_core_modules.TestDependencies" name="test_get_current_user_import" time="0.001" /><testcase classname="tests.unit.test_core_modules.TestDependencies" name="test_dependencies_module_structure" time="0.000" /><testcase classname="tests.unit.test_core_modules.TestDependencies" name="test_dependencies_function_signatures" time="0.000" /><testcase classname="tests.unit.test_core_modules.TestDependencies" name="test_core_factory_imports" time="0.000" /><testcase classname="tests.unit.test_core_modules.TestDependencies" name="test_core_observer_imports" time="0.001" /><testcase classname="tests.unit.test_core_modules.TestDependencies" name="test_core_singleton_imports" time="0.001" /><testcase classname="tests.unit.test_core_modules.TestCoreIntegration" name="test_config_service_integration" time="0.001" /><testcase classname="tests.unit.test_core_modules.TestCoreIntegration" name="test_factory_config_integration" time="0.001" /><testcase classname="tests.unit.test_main_seed_recs_comprehensive.TestMainSeedRecommendations" name="test_main_module_import" time="0.032" /><testcase classname="tests.unit.test_main_seed_recs_comprehensive.TestMainSeedRecommendations" name="test_app_import" time="0.001" /><testcase classname="tests.unit.test_main_seed_recs_comprehensive.TestMainSeedRecommendations" name="test_manager_import" time="0.000" /><testcase classname="tests.unit.test_main_seed_recs_comprehensive.TestMainSeedRecommendations" name="test_connection_manager_import" time="0.000" /><testcase classname="tests.unit.test_main_seed_recs_comprehensive.TestMainSeedRecommendations" name="test_lifespan_import" time="0.000" /><testcase classname="tests.unit.test_main_seed_recs_comprehensive.TestMainSeedRecommendations" name="test_seed_function_import" time="0.001" /><testcase classname="tests.unit.test_main_seed_recs_comprehensive.TestMainSeedRecommendations" name="test_sample_users_import" time="0.002" /><testcase classname="tests.unit.test_main_seed_recs_comprehensive.TestMainSeedRecommendations" name="test_sample_books_import" time="0.001" /><testcase classname="tests.unit.test_main_seed_recs_comprehensive.TestMainSeedRecommendations" name="test_sample_reviews_import" time="0.000" /><testcase classname="tests.unit.test_main_seed_recs_comprehensive.TestMainSeedRecommendations" name="test_recommendations_service_import" time="0.001" /><testcase classname="tests.unit.test_main_seed_recs_comprehensive.TestMainSeedRecommendations" name="test_recommendations_module_import" time="0.001" /><testcase classname="tests.unit.test_main_seed_recs_comprehensive.TestMainSeedRecommendations" name="test_main_module_structure" time="0.000" /><testcase classname="tests.unit.test_main_seed_recs_comprehensive.TestMainSeedRecommendations" name="test_app_is_fastapi_instance" time="0.000" /><testcase classname="tests.unit.test_main_seed_recs_comprehensive.TestMainSeedRecommendations" name="test_app_title" time="0.000" /><testcase classname="tests.unit.test_main_seed_recs_comprehensive.TestMainSeedRecommendations" name="test_app_version" time="0.000" /><testcase classname="tests.unit.test_main_seed_recs_comprehensive.TestMainSeedRecommendations" name="test_manager_is_connection_manager" time="0.001" /><testcase classname="tests.unit.test_main_seed_recs_comprehensive.TestMainSeedRecommendations" name="test_connection_manager_initialization" time="0.001" /><testcase classname="tests.unit.test_main_seed_recs_comprehensive.TestMainSeedRecommendations" name="test_connection_manager_active_attr" time="0.000" /><testcase classname="tests.unit.test_main_seed_recs_comprehensive.TestMainSeedRecommendations" name="test_recommendations_service_instantiation" time="0.001" /><testcase classname="tests.unit.test_main_seed_recs_comprehensive.TestMainSeedRecommendations" name="test_recommendations_service_methods" time="0.000" /><testcase classname="tests.unit.test_main_seed_recs_comprehensive.TestMainSeedRecommendations" name="test_sample_users_structure" time="0.000" /><testcase classname="tests.unit.test_main_seed_recs_comprehensive.TestMainSeedRecommendations" name="test_sample_books_structure" time="0.001" /><testcase classname="tests.unit.test_main_seed_recs_comprehensive.TestMainSeedRecommendations" name="test_sample_reviews_structure" time="0.000" /><testcase classname="tests.unit.test_main_seed_recs_comprehensive.TestMainSeedRecommendations" name="test_seed_module_structure" time="0.000" /><testcase classname="tests.unit.test_main_seed_recs_comprehensive.TestMainSeedRecommendations" name="test_recommendations_module_structure" time="0.000" /><testcase classname="tests.unit.test_main_seed_recs_comprehensive.TestMainSeedRecommendations" name="test_recommendations_service_is_class" time="0.000" /><testcase classname="tests.unit.test_main_seed_recs_comprehensive.TestMainSeedRecommendations" name="test_recommendations_service_attributes" time="0.001" /><testcase classname="tests.unit.test_main_seed_recs_comprehensive.TestMainSeedRecommendations" name="test_sample_users_count" time="0.001" /><testcase classname="tests.unit.test_main_seed_recs_comprehensive.TestMainSeedRecommendations" name="test_sample_books_count" time="0.000" /><testcase classname="tests.unit.test_main_seed_recs_comprehensive.TestMainSeedRecommendations" name="test_sample_reviews_count" time="0.000" /><testcase classname="tests.unit.test_main_seed_recs_comprehensive.TestMainSeedRecommendations" name="test_sample_users_unique_emails" time="0.001" /><testcase classname="tests.unit.test_main_seed_recs_comprehensive.TestMainSeedRecommendations" name="test_sample_reviews_valid_ratings" time="0.000" /><testcase classname="tests.unit.test_main_seed_recs_comprehensive.TestMainSeedRecommendations" name="test_sample_reviews_non_empty_content" time="0.000" /><testcase classname="tests.unit.test_main_seed_recs_comprehensive.TestMainSeedRecommendations" name="test_recommendations_service_multiple_instances" time="0.000" /><testcase classname="tests.unit.test_models_additional.TestUserModelAdditional" name="test_user_email_domain_validation" time="0.027" /><testcase classname="tests.unit.test_models_additional.TestUserModelAdditional" name="test_user_username_characters" time="0.001" /><testcase classname="tests.unit.test_models_additional.TestUserModelAdditional" name="test_user_full_name_international" time="0.001" /><testcase classname="tests.unit.test_models_additional.TestUserModelAdditional" name="test_user_bio_length_edge" time="0.001" /><testcase classname="tests.unit.test_models_additional.TestUserModelAdditional" name="test_user_city_international" time="0.001" /><testcase classname="tests.unit.test_models_additional.TestUserModelAdditional" name="test_user_avatar_url_schemes" time="0.001" /><testcase classname="tests.unit.test_models_additional.TestUserModelAdditional" name="test_user_activation_toggle" time="0.001" /><testcase classname="tests.unit.test_models_additional.TestBookModelAdditional" name="test_book_title_special_chars" time="0.001" /><testcase classname="tests.unit.test_models_additional.TestBookModelAdditional" name="test_book_author_formats" time="0.001" /><testcase classname="tests.unit.test_models_additional.TestBookModelAdditional" name="test_book_isbn_formats" time="0.001" /><testcase classname="tests.unit.test_models_additional.TestBookModelAdditional" name="test_book_description_length" time="0.001" /><testcase classname="tests.unit.test_models_additional.TestBookModelAdditional" name="test_book_genre_varieties" time="0.001" /><testcase classname="tests.unit.test_models_additional.TestBookModelAdditional" name="test_book_year_boundary" time="0.001" /><testcase classname="tests.unit.test_models_additional.TestBookModelAdditional" name="test_book_pages_boundary" time="0.001" /><testcase classname="tests.unit.test_models_additional.TestBookModelAdditional" name="test_book_language_varieties" time="0.002" /><testcase classname="tests.unit.test_models_additional.TestReviewModelAdditional" name="test_review_title_length_edge" time="0.001" /><testcase classname="tests.unit.test_models_additional.TestReviewModelAdditional" name="test_review_content_length_edge" time="0.001" /><testcase classname="tests.unit.test_models_additional.TestReviewModelAdditional" name="test_review_rating_all_values" time="0.001" /><testcase classname="tests.unit.test_models_additional.TestReviewModelAdditional" name="test_review_spoiler_combinations" time="0.001" /><testcase classname="tests.unit.test_models_additional.TestExchangeModelAdditional" name="test_exchange_message_length_edge" time="0.001" /><testcase classname="tests.unit.test_models_additional.TestExchangeModelAdditional" name="test_exchange_status_all_values" time="0.001" /><testcase classname="tests.unit.test_models_additional.TestExchangeModelAdditional" name="test_exchange_user_combinations" time="0.001" /><testcase classname="tests.unit.test_models_additional.TestWishlistItemModelAdditional" name="test_wishlist_priority_all_values" time="0.001" /><testcase classname="tests.unit.test_models_additional.TestWishlistItemModelAdditional" name="test_wishlist_notes_length_edge" time="0.001" /><testcase classname="tests.unit.test_models_additional.TestWishlistItemModelAdditional" name="test_wishlist_user_combinations" time="0.001" /><testcase classname="tests.unit.test_models_additional.TestMessageModelAdditional" name="test_message_content_length_edge" time="0.001" /><testcase classname="tests.unit.test_models_additional.TestMessageModelAdditional" name="test_message_read_status_all" time="0.001" /><testcase classname="tests.unit.test_models_additional.TestMessageModelAdditional" name="test_message_user_combinations" time="0.001" /><testcase classname="tests.unit.test_models_additional.TestFriendshipModelAdditional" name="test_friendship_status_all_values" time="0.000" /><testcase classname="tests.unit.test_models_additional.TestFriendshipModelAdditional" name="test_friendship_user_combinations" time="0.000" /><testcase classname="tests.unit.test_models_additional.TestModelEdgeCasesAdditional" name="test_unicode_comprehensive" time="0.001" /><testcase classname="tests.unit.test_models_additional.TestModelEdgeCasesAdditional" name="test_special_characters_comprehensive" time="0.001" /><testcase classname="tests.unit.test_models_additional.TestModelEdgeCasesAdditional" name="test_maximum_values_comprehensive" time="0.001" /><testcase classname="tests.unit.test_models_additional.TestModelEdgeCasesAdditional" name="test_minimum_values_comprehensive" time="0.001" /><testcase classname="tests.unit.test_models_final.TestUserModelFinal" name="test_user_creation_basic" time="0.001" /><testcase classname="tests.unit.test_models_final.TestUserModelFinal" name="test_user_creation_with_full_name" time="0.000" /><testcase classname="tests.unit.test_models_final.TestUserModelFinal" name="test_user_creation_with_bio" time="0.001" /><testcase classname="tests.unit.test_models_final.TestUserModelFinal" name="test_user_creation_with_city" time="0.001" /><testcase classname="tests.unit.test_models_final.TestUserModelFinal" name="test_user_creation_with_avatar" time="0.001" /><testcase classname="tests.unit.test_models_final.TestUserModelFinal" name="test_user_creation_inactive" time="0.001" /><testcase classname="tests.unit.test_models_final.TestUserModelFinal" name="test_user_email_lowercase" time="0.001" /><testcase classname="tests.unit.test_models_final.TestUserModelFinal" name="test_user_email_uppercase" time="0.001" /><testcase classname="tests.unit.test_models_final.TestUserModelFinal" name="test_user_username_numbers" time="0.001" /><testcase classname="tests.unit.test_models_final.TestUserModelFinal" name="test_user_username_underscore" time="0.001" /><testcase classname="tests.unit.test_models_final.TestUserModelFinal" name="test_user_username_hyphen" time="0.000" /><testcase classname="tests.unit.test_models_final.TestUserModelFinal" name="test_user_password_hash" time="0.000" /><testcase classname="tests.unit.test_models_final.TestUserModelFinal" name="test_user_str_method" time="0.000" /><testcase classname="tests.unit.test_models_final.TestUserModelFinal" name="test_user_repr_method" time="0.001" /><testcase classname="tests.unit.test_models_final.TestUserModelFinal" name="test_user_id_assignment" time="0.000" /><testcase classname="tests.unit.test_models_final.TestUserModelFinal" name="test_user_created_at_set" time="0.001" /><testcase classname="tests.unit.test_models_final.TestBookModelFinal" name="test_book_creation_basic" time="0.001" /><testcase classname="tests.unit.test_models_final.TestBookModelFinal" name="test_book_creation_with_isbn" time="0.001" /><testcase classname="tests.unit.test_models_final.TestBookModelFinal" name="test_book_creation_with_description" time="0.001" /><testcase classname="tests.unit.test_models_final.TestBookModelFinal" name="test_book_creation_with_genre" time="0.001" /><testcase classname="tests.unit.test_models_final.TestBookModelFinal" name="test_book_creation_with_year" time="0.001" /><testcase classname="tests.unit.test_models_final.TestBookModelFinal" name="test_book_creation_with_pages" time="0.000" /><testcase classname="tests.unit.test_models_final.TestBookModelFinal" name="test_book_creation_with_language" time="0.000" /><testcase classname="tests.unit.test_models_final.TestBookModelFinal" name="test_book_creation_with_cover" time="0.000" /><testcase classname="tests.unit.test_models_final.TestBookModelFinal" name="test_book_creation_unavailable" time="0.000" /><testcase classname="tests.unit.test_models_final.TestBookModelFinal" name="test_book_str_method" time="0.001" /><testcase classname="tests.unit.test_models_final.TestBookModelFinal" name="test_book_repr_method" time="0.000" /><testcase classname="tests.unit.test_models_final.TestBookModelFinal" name="test_book_id_assignment" time="0.001" /><testcase classname="tests.unit.test_models_final.TestReviewModelFinal" name="test_review_creation_basic" time="0.001" /><testcase classname="tests.unit.test_models_final.TestReviewModelFinal" name="test_review_creation_with_title" time="0.001" /><testcase classname="tests.unit.test_models_final.TestReviewModelFinal" name="test_review_creation_with_content" time="0.000" /><testcase classname="tests.unit.test_models_final.TestReviewModelFinal" name="test_review_creation_with_spoiler" time="0.001" /><testcase classname="tests.unit.test_models_final.TestReviewModelFinal" name="test_review_rating_one" time="0.000" /><testcase classname="tests.unit.test_models_final.TestReviewModelFinal" name="test_review_rating_two" time="0.000" /><testcase classname="tests.unit.test_models_final.TestReviewModelFinal" name="test_review_rating_three" time="0.000" /><testcase classname="tests.unit.test_models_final.TestReviewModelFinal" name="test_review_rating_four" time="0.000" /><testcase classname="tests.unit.test_models_final.TestReviewModelFinal" name="test_review_rating_five" time="0.001" /><testcase classname="tests.unit.test_models_final.TestReviewModelFinal" name="test_review_str_method" time="0.000" /><testcase classname="tests.unit.test_models_final.TestReviewModelFinal" name="test_review_repr_method" time="0.001" /><testcase classname="tests.unit.test_models_final.TestExchangeModelFinal" name="test_exchange_creation_basic" time="0.001" /><testcase classname="tests.unit.test_models_final.TestExchangeModelFinal" name="test_exchange_creation_with_message" time="0.001" /><testcase classname="tests.unit.test_models_final.TestExchangeModelFinal" name="test_exchange_status_pending" time="0.001" /><testcase classname="tests.unit.test_models_final.TestExchangeModelFinal" name="test_exchange_status_accepted" time="0.001" /><testcase classname="tests.unit.test_models_final.TestExchangeModelFinal" name="test_exchange_status_rejected" time="0.000" /><testcase classname="tests.unit.test_models_final.TestExchangeModelFinal" name="test_exchange_status_completed" time="0.000" /><testcase classname="tests.unit.test_models_final.TestExchangeModelFinal" name="test_exchange_status_cancelled" time="0.000" /><testcase classname="tests.unit.test_models_final.TestExchangeModelFinal" name="test_exchange_str_method" time="0.000" /><testcase classname="tests.unit.test_models_final.TestExchangeModelFinal" name="test_exchange_repr_method" time="0.001" /><testcase classname="tests.unit.test_models_final.TestWishlistItemModelFinal" name="test_wishlist_creation_basic" time="0.000" /><testcase classname="tests.unit.test_models_final.TestWishlistItemModelFinal" name="test_wishlist_creation_with_priority" time="0.001" /><testcase classname="tests.unit.test_models_final.TestWishlistItemModelFinal" name="test_wishlist_creation_with_notes" time="0.001" /><testcase classname="tests.unit.test_models_final.TestWishlistItemModelFinal" name="test_wishlist_priority_low" time="0.001" /><testcase classname="tests.unit.test_models_final.TestWishlistItemModelFinal" name="test_wishlist_priority_medium" time="0.001" /><testcase classname="tests.unit.test_models_final.TestWishlistItemModelFinal" name="test_wishlist_priority_high" time="0.000" /><testcase classname="tests.unit.test_models_final.TestWishlistItemModelFinal" name="test_wishlist_str_method" time="0.000" /><testcase classname="tests.unit.test_models_final.TestWishlistItemModelFinal" name="test_wishlist_repr_method" time="0.000" /><testcase classname="tests.unit.test_models_final.TestMessageModelFinal" name="test_message_creation_basic" time="0.000" /><testcase classname="tests.unit.test_models_final.TestMessageModelFinal" name="test_message_creation_read" time="0.000" /><testcase classname="tests.unit.test_models_final.TestMessageModelFinal" name="test_message_creation_unread" time="0.000" /><testcase classname="tests.unit.test_models_final.TestMessageModelFinal" name="test_message_content_short" time="0.001" /><testcase classname="tests.unit.test_models_final.TestMessageModelFinal" name="test_message_content_long" time="0.001" /><testcase classname="tests.unit.test_models_final.TestMessageModelFinal" name="test_message_str_method" time="0.001" /><testcase classname="tests.unit.test_models_final.TestMessageModelFinal" name="test_message_repr_method" time="0.001" /><testcase classname="tests.unit.test_models_final.TestFriendshipModelFinal" name="test_friendship_creation_basic" time="0.001" /><testcase classname="tests.unit.test_models_final.TestFriendshipModelFinal" name="test_friendship_creation_pending" time="0.000" /><testcase classname="tests.unit.test_models_final.TestFriendshipModelFinal" name="test_friendship_creation_accepted" time="0.000" /><testcase classname="tests.unit.test_models_final.TestFriendshipModelFinal" name="test_friendship_creation_blocked" time="0.000" /><testcase classname="tests.unit.test_models_final.TestFriendshipModelFinal" name="test_friendship_str_method" time="0.000" /><testcase classname="tests.unit.test_models_final.TestFriendshipModelFinal" name="test_friendship_repr_method" time="0.000" /><testcase classname="tests.unit.test_models_final.TestModelRelationshipsFinal" name="test_user_owns_books" time="0.001" /><testcase classname="tests.unit.test_models_final.TestModelRelationshipsFinal" name="test_user_writes_reviews" time="0.001" /><testcase classname="tests.unit.test_models_final.TestModelRelationshipsFinal" name="test_user_sends_exchanges" time="0.001" /><testcase classname="tests.unit.test_models_final.TestModelRelationshipsFinal" name="test_user_has_wishlist" time="0.001" /><testcase classname="tests.unit.test_models_final.TestModelRelationshipsFinal" name="test_user_sends_messages" time="0.001" /><testcase classname="tests.unit.test_models_final.TestModelRelationshipsFinal" name="test_user_has_friends" time="0.001" /><testcase classname="tests.unit.test_models_final.TestModelValidationFinal" name="test_user_email_required" time="0.000" /><testcase classname="tests.unit.test_models_final.TestModelValidationFinal" name="test_user_username_required" time="0.000" /><testcase classname="tests.unit.test_models_final.TestModelValidationFinal" name="test_user_password_required" time="0.000" /><testcase classname="tests.unit.test_models_final.TestModelValidationFinal" name="test_book_title_required" time="0.000" /><testcase classname="tests.unit.test_models_final.TestModelValidationFinal" name="test_book_author_required" time="0.000" /><testcase classname="tests.unit.test_models_final.TestModelValidationFinal" name="test_book_owner_id_required" time="0.000" /><testcase classname="tests.unit.test_models_final.TestModelValidationFinal" name="test_review_user_id_required" time="0.002" /><testcase classname="tests.unit.test_models_final.TestModelValidationFinal" name="test_review_book_id_required" time="0.001" /><testcase classname="tests.unit.test_models_final.TestModelValidationFinal" name="test_review_rating_required" time="0.001" /><testcase classname="tests.unit.test_models_final.TestModelValidationFinal" name="test_exchange_requester_id_required" time="0.001" /><testcase classname="tests.unit.test_models_final.TestModelValidationFinal" name="test_exchange_requested_user_id_required" time="0.001" /><testcase classname="tests.unit.test_models_final.TestModelValidationFinal" name="test_exchange_offered_book_id_required" time="0.000" /><testcase classname="tests.unit.test_models_final.TestModelValidationFinal" name="test_exchange_requested_book_id_required" time="0.000" /><testcase classname="tests.unit.test_models_final.TestModelValidationFinal" name="test_wishlist_user_id_required" time="0.000" /><testcase classname="tests.unit.test_models_final.TestModelValidationFinal" name="test_wishlist_book_id_required" time="0.000" /><testcase classname="tests.unit.test_models_final.TestModelValidationFinal" name="test_message_sender_id_required" time="0.001" /><testcase classname="tests.unit.test_models_final.TestModelValidationFinal" name="test_message_receiver_id_required" time="0.000" /><testcase classname="tests.unit.test_models_final.TestModelValidationFinal" name="test_message_content_required" time="0.001" /><testcase classname="tests.unit.test_models_final.TestModelValidationFinal" name="test_friendship_user_id_required" time="0.001" /><testcase classname="tests.unit.test_models_final.TestModelValidationFinal" name="test_friendship_friend_id_required" time="0.001" /><testcase classname="tests.unit.test_models_final.TestModelValidationFinal" name="test_friendship_basic_functionality" time="0.000" /><testcase classname="tests.unit.test_models_final.TestModelValidationFinal" name="test_friendship_attributes" time="0.000" /><testcase classname="tests.unit.test_patterns.TestSingletonPattern" name="test_singleton_meta_class" time="0.001" /><testcase classname="tests.unit.test_patterns.TestSingletonPattern" name="test_configuration_service_singleton" time="0.000" /><testcase classname="tests.unit.test_patterns.TestSingletonPattern" name="test_configuration_service_reload" time="0.000" /><testcase classname="tests.unit.test_patterns.TestFactoryPattern" name="test_service_factory_creation" time="0.001" /><testcase classname="tests.unit.test_patterns.TestFactoryPattern" name="test_service_factory_unknown_type" time="0.001" /><testcase classname="tests.unit.test_patterns.TestFactoryPattern" name="test_service_factory_registration" time="0.001" /><testcase classname="tests.unit.test_patterns.TestFactoryPattern" name="test_repository_factory_creation" time="0.001" /><testcase classname="tests.unit.test_patterns.TestFactoryPattern" name="test_service_container_caching" time="0.001" /><testcase classname="tests.unit.test_patterns.TestFactoryPattern" name="test_service_container_cache_clear" time="0.001" /><testcase classname="tests.unit.test_patterns.TestObserverPattern" name="test_event_creation" time="0.001" /><testcase classname="tests.unit.test_patterns.TestObserverPattern" name="test_event_manager_attach_detach" time="0.000" /><testcase classname="tests.unit.test_patterns.TestObserverPattern" name="test_event_manager_notify" time="0.006" /><testcase classname="tests.unit.test_patterns.TestObserverPattern" name="test_event_manager_multiple_observers" time="0.003" /><testcase classname="tests.unit.test_patterns.TestObserverPattern" name="test_event_manager_history_filtering" time="0.001" /><testcase classname="tests.unit.test_patterns.TestObserverPattern" name="test_logging_observer" time="0.001" /><testcase classname="tests.unit.test_patterns.TestObserverPattern" name="test_statistics_observer" time="0.002" /><testcase classname="tests.unit.test_patterns.TestObserverPattern" name="test_websocket_observer_client_management" time="0.001" /><testcase classname="tests.unit.test_patterns.TestPatternIntegration" name="test_singleton_with_observer_integration" time="0.003" /><testcase classname="tests.unit.test_patterns.TestPatternIntegration" name="test_factory_with_service_container_integration" time="0.001" /><testcase classname="tests.unit.test_repositories_comprehensive.TestRepositoriesComprehensive" name="test_repositories_module_import" time="0.001" /><testcase classname="tests.unit.test_repositories_comprehensive.TestRepositoriesComprehensive" name="test_user_repository_import" time="0.001" /><testcase classname="tests.unit.test_repositories_comprehensive.TestRepositoriesComprehensive" name="test_book_repository_import" time="0.001" /><testcase classname="tests.unit.test_repositories_comprehensive.TestRepositoriesComprehensive" name="test_review_repository_import" time="0.000" /><testcase classname="tests.unit.test_repositories_comprehensive.TestRepositoriesComprehensive" name="test_exchange_repository_import" time="0.000" /><testcase classname="tests.unit.test_repositories_comprehensive.TestRepositoriesComprehensive" name="test_base_repository_import" time="0.000" /><testcase classname="tests.unit.test_repositories_comprehensive.TestRepositoriesComprehensive" name="test_repositories_module_structure" time="0.000" /><testcase classname="tests.unit.test_repositories_comprehensive.TestRepositoriesComprehensive" name="test_repository_classes_are_callable" time="0.000" /><testcase classname="tests.unit.test_repositories_comprehensive.TestRepositoriesComprehensive" name="test_repository_instantiation" time="0.001" /><testcase classname="tests.unit.test_repositories_comprehensive.TestRepositoriesComprehensive" name="test_repository_inheritance" time="0.001" /><testcase classname="tests.unit.test_repositories_comprehensive.TestRepositoriesComprehensive" name="test_repository_methods_exist" time="0.001" /><testcase classname="tests.unit.test_repositories_comprehensive.TestRepositoriesComprehensive" name="test_repository_multiple_instances" time="0.001" /><testcase classname="tests.unit.test_repositories_comprehensive.TestRepositoriesComprehensive" name="test_repository_class_attributes" time="0.001" /><testcase classname="tests.unit.test_repositories_comprehensive.TestRepositoriesComprehensive" name="test_repository_string_representation" time="0.001" /><testcase classname="tests.unit.test_repositories_comprehensive.TestRepositoriesComprehensive" name="test_repository_equality" time="0.001" /><testcase classname="tests.unit.test_repositories_comprehensive.TestRepositoriesComprehensive" name="test_repository_type_check" time="0.001" /><testcase classname="tests.unit.test_repositories_comprehensive.TestRepositoriesComprehensive" name="test_repository_directory" time="0.001" /><testcase classname="tests.unit.test_repositories_comprehensive.TestRepositoriesComprehensive" name="test_repository_subclass_check" time="0.000" /><testcase classname="tests.unit.test_repositories_comprehensive.TestRepositoriesComprehensive" name="test_repository_module_attributes" time="0.001" /><testcase classname="tests.unit.test_repositories_comprehensive.TestRepositoriesComprehensive" name="test_repository_import_all" time="0.001" /><testcase classname="tests.unit.test_repositories_comprehensive.TestRepositoriesComprehensive" name="test_repository_with_none_db" time="0.001" /><testcase classname="tests.unit.test_repositories_comprehensive.TestRepositoriesComprehensive" name="test_repository_docstring" time="0.001" /><testcase classname="tests.unit.test_services_comprehensive.TestAuthService" name="test_register_user_success" time="0.015" /><testcase classname="tests.unit.test_services_comprehensive.TestAuthService" name="test_register_user_duplicate_email" time="0.003" /><testcase classname="tests.unit.test_services_comprehensive.TestAuthService" name="test_register_user_duplicate_username" time="0.002" /><testcase classname="tests.unit.test_services_comprehensive.TestAuthService" name="test_login_success" time="0.003" /><testcase classname="tests.unit.test_services_comprehensive.TestAuthService" name="test_login_invalid_credentials" time="0.022" /><testcase classname="tests.unit.test_services_comprehensive.TestAuthService" name="test_login_user_not_found" time="0.002" /><testcase classname="tests.unit.test_services_comprehensive.TestAuthService" name="test_login_inactive_user" time="0.021" /><testcase classname="tests.unit.test_services_comprehensive.TestAuthService" name="test_get_current_user_success" time="0.003" /><testcase classname="tests.unit.test_services_comprehensive.TestAuthService" name="test_get_current_user_not_found" time="0.003" /><testcase classname="tests.unit.test_services_comprehensive.TestUserService" name="test_get_user_by_id_success" time="0.004" /><testcase classname="tests.unit.test_services_comprehensive.TestUserService" name="test_get_user_by_id_not_found" time="0.003" /><testcase classname="tests.unit.test_services_comprehensive.TestUserService" name="test_get_user_by_email_success" time="0.003" /><testcase classname="tests.unit.test_services_comprehensive.TestUserService" name="test_update_user_profile_success" time="0.014" /><testcase classname="tests.unit.test_services_comprehensive.TestUserService" name="test_update_user_profile_not_found" time="0.002" /><testcase classname="tests.unit.test_services_comprehensive.TestUserService" name="test_deactivate_user_success" time="0.002" /><testcase classname="tests.unit.test_services_comprehensive.TestUserService" name="test_search_users_success" time="0.004" /><testcase classname="tests.unit.test_services_comprehensive.TestBookService" name="test_create_book_success" time="0.004" /><testcase classname="tests.unit.test_services_comprehensive.TestBookService" name="test_create_book_user_not_found" time="0.002" /><testcase classname="tests.unit.test_services_comprehensive.TestBookService" name="test_get_book_by_id_success" time="0.002" /><testcase classname="tests.unit.test_services_comprehensive.TestBookService" name="test_get_book_by_id_not_found" time="0.005" /><testcase classname="tests.unit.test_services_comprehensive.TestBookService" name="test_update_book_success" time="0.018" /><testcase classname="tests.unit.test_services_comprehensive.TestBookService" name="test_update_book_unauthorized" time="0.002" /><testcase classname="tests.unit.test_services_comprehensive.TestBookService" name="test_delete_book_success" time="0.002" /><testcase classname="tests.unit.test_services_comprehensive.TestBookService" name="test_delete_book_unauthorized" time="0.005" /><testcase classname="tests.unit.test_services_comprehensive.TestBookService" name="test_search_books_success" time="0.003" /><testcase classname="tests.unit.test_services_comprehensive.TestBookService" name="test_get_user_books_success" time="0.002" /><testcase classname="tests.unit.test_services_comprehensive.TestReviewService" name="test_create_review_success" time="0.015" /><testcase classname="tests.unit.test_services_comprehensive.TestReviewService" name="test_create_review_duplicate" time="0.002" /><testcase classname="tests.unit.test_services_comprehensive.TestReviewService" name="test_create_review_invalid_rating" time="0.003" /><testcase classname="tests.unit.test_services_comprehensive.TestReviewService" name="test_get_book_reviews_success" time="0.003" /><testcase classname="tests.unit.test_services_comprehensive.TestReviewService" name="test_update_review_success" time="0.002" /><testcase classname="tests.unit.test_services_comprehensive.TestReviewService" name="test_update_review_unauthorized" time="0.002" /><testcase classname="tests.unit.test_services_comprehensive.TestReviewService" name="test_delete_review_success" time="0.006" /><testcase classname="tests.unit.test_services_comprehensive.TestReviewService" name="test_delete_review_unauthorized" time="0.003" /><testcase classname="tests.unit.test_services_comprehensive.TestExchangeService" name="test_create_exchange_request_success" time="0.003" /><testcase classname="tests.unit.test_services_comprehensive.TestExchangeService" name="test_create_exchange_request_same_user" time="0.003" /><testcase classname="tests.unit.test_services_comprehensive.TestExchangeService" name="test_create_exchange_request_book_not_available" time="0.004" /><testcase classname="tests.unit.test_services_comprehensive.TestExchangeService" name="test_accept_exchange_success" time="0.019" /><testcase classname="tests.unit.test_services_comprehensive.TestExchangeService" name="test_accept_exchange_unauthorized" time="0.026" /><testcase classname="tests.unit.test_services_comprehensive.TestExchangeService" name="test_reject_exchange_success" time="0.004" /><testcase classname="tests.unit.test_services_comprehensive.TestExchangeService" name="test_complete_exchange_success" time="0.005" /><testcase classname="tests.unit.test_services_comprehensive.TestExchangeService" name="test_get_user_exchanges_success" time="0.003" /><testcase classname="tests.unit.test_services_comprehensive.TestWishlistService" name="test_add_to_wishlist_success" time="0.003" /><testcase classname="tests.unit.test_services_comprehensive.TestWishlistService" name="test_add_to_wishlist_duplicate" time="0.002" /><testcase classname="tests.unit.test_services_comprehensive.TestWishlistService" name="test_remove_from_wishlist_success" time="0.004" /><testcase classname="tests.unit.test_services_comprehensive.TestWishlistService" name="test_get_user_wishlist_success" time="0.003" /><testcase classname="tests.unit.test_services_comprehensive.TestWishlistService" name="test_update_wishlist_item_success" time="0.003" /><testcase classname="tests.unit.test_services_comprehensive.TestChatService" name="test_send_message_success" time="0.003" /><testcase classname="tests.unit.test_services_comprehensive.TestChatService" name="test_send_message_to_self" time="0.004" /><testcase classname="tests.unit.test_services_comprehensive.TestChatService" name="test_send_message_user_not_found" time="0.003" /><testcase classname="tests.unit.test_services_comprehensive.TestChatService" name="test_get_conversation_success" time="0.003" /><testcase classname="tests.unit.test_services_comprehensive.TestChatService" name="test_mark_message_as_read_success" time="0.003" /><testcase classname="tests.unit.test_services_comprehensive.TestChatService" name="test_mark_message_as_read_unauthorized" time="0.003" /><testcase classname="tests.unit.test_services_comprehensive.TestChatService" name="test_get_unread_messages_success" time="0.003" /><testcase classname="tests.unit.test_services_comprehensive.TestFriendshipService" name="test_send_friend_request_success" time="0.003" /><testcase classname="tests.unit.test_services_comprehensive.TestFriendshipService" name="test_send_friend_request_to_self" time="0.002" /><testcase classname="tests.unit.test_services_comprehensive.TestFriendshipService" name="test_send_friend_request_duplicate" time="0.004" /><testcase classname="tests.unit.test_services_comprehensive.TestFriendshipService" name="test_accept_friend_request_success" time="0.003" /><testcase classname="tests.unit.test_services_comprehensive.TestFriendshipService" name="test_accept_friend_request_unauthorized" time="0.022" /><testcase classname="tests.unit.test_services_comprehensive.TestFriendshipService" name="test_reject_friend_request_success" time="0.004" /><testcase classname="tests.unit.test_services_comprehensive.TestFriendshipService" name="test_get_user_friends_success" time="0.026" /><testcase classname="tests.unit.test_services_comprehensive.TestFriendshipService" name="test_get_friend_requests_success" time="0.004" /><testcase classname="tests.unit.test_services_comprehensive.TestFriendshipService" name="test_remove_friend_success" time="0.003" /><testcase classname="tests.unit.test_services_comprehensive.TestFriendshipService" name="test_block_user_success" time="0.003" /><testcase classname="tests.unit.test_services_comprehensive.TestFriendshipService" name="test_unblock_user_success" time="0.004" /><testcase classname="tests.unit.test_simple_models.TestUserModel" name="test_user_model_instantiation" time="0.001" /><testcase classname="tests.unit.test_simple_models.TestUserModel" name="test_user_model_has_attributes" time="0.000" /><testcase classname="tests.unit.test_simple_models.TestBookModel" name="test_book_model_instantiation" time="0.001" /><testcase classname="tests.unit.test_simple_models.TestBookModel" name="test_book_model_has_attributes" time="0.000" /><testcase classname="tests.unit.test_simple_models.TestReviewModel" name="test_review_model_instantiation" time="0.000" /><testcase classname="tests.unit.test_simple_models.TestReviewModel" name="test_review_model_has_attributes" time="0.000" /><testcase classname="tests.unit.test_simple_models.TestExchangeModel" name="test_exchange_model_instantiation" time="0.000" /><testcase classname="tests.unit.test_simple_models.TestExchangeModel" name="test_exchange_model_has_attributes" time="0.002" /><testcase classname="tests.unit.test_simple_models.TestModelBasics" name="test_models_are_different_classes" time="0.001" /><testcase classname="tests.unit.test_simple_models.TestModelBasics" name="test_models_have_id_attribute" time="0.001" /><testcase classname="tests.unit.test_simple_models.TestModelRelationships" name="test_user_book_relationship" time="0.001" /><testcase classname="tests.unit.test_simple_models.TestModelRelationships" name="test_book_review_relationship" time="0.001" /><testcase classname="tests.unit.test_simple_models.TestModelStringRepresentation" name="test_user_str_representation" time="0.001" /><testcase classname="tests.unit.test_simple_models.TestModelStringRepresentation" name="test_book_str_representation" time="0.000" /><testcase classname="tests.unit.test_simple_models.TestModelStringRepresentation" name="test_review_str_representation" time="0.000" /><testcase classname="tests.unit.test_simple_models.TestModelValidation" name="test_model_validation_exists" time="0.000" /><testcase classname="tests.unit.test_simple_models.TestModelIntegration" name="test_model_imports_work" time="0.002" /><testcase classname="tests.unit.test_simple_models.TestModelIntegration" name="test_model_module_structure" time="0.001" /><testcase classname="tests.unit.test_simple_repositories.TestRepositoryBasics" name="test_async_session_import" time="0.001" /><testcase classname="tests.unit.test_simple_repositories.TestRepositoryBasics" name="test_mock_database_creation" time="0.001" /><testcase classname="tests.unit.test_simple_repositories.TestRepositoryBasics" name="test_repository_imports" time="0.000" /><testcase classname="tests.unit.test_simple_repositories.TestRepositoryBasics" name="test_repository_pattern" time="0.001" /><testcase classname="tests.unit.test_simple_repositories.TestRepositoryMethods" name="test_async_repository_methods" time="0.001" /><testcase classname="tests.unit.test_simple_repositories.TestRepositoryMocking" name="test_repository_mock_creation" time="0.001" /><testcase classname="tests.unit.test_simple_repositories.TestRepositoryMocking" name="test_repository_mock_return_values" time="0.001" /><testcase classname="tests.unit.test_simple_repositories.TestRepositoryMocking" name="test_repository_database_mock" time="0.002" /><testcase classname="tests.unit.test_simple_repositories.TestRepositoryStructure" name="test_repository_class_structure" time="0.001" /><testcase classname="tests.unit.test_simple_repositories.TestRepositoryStructure" name="test_repository_inheritance_pattern" time="0.001" /><testcase classname="tests.unit.test_simple_repositories.TestRepositoryIntegration" name="test_repository_service_integration" time="0.001" /><testcase classname="tests.unit.test_simple_repositories.TestRepositoryIntegration" name="test_repository_dependency_injection" time="0.001" /><testcase classname="tests.unit.test_simple_repositories.TestRepositoryErrorHandling" name="test_repository_not_found_handling" time="0.001" /><testcase classname="tests.unit.test_simple_repositories.TestRepositoryErrorHandling" name="test_repository_validation_handling" time="0.000" /><testcase classname="tests.unit.test_simple_repositories.TestRepositoryPerformance" name="test_repository_caching_pattern" time="0.001" /><testcase classname="tests.unit.test_simple_repositories.TestRepositoryPerformance" name="test_repository_batch_operations" time="0.001" /><testcase classname="tests.unit.test_simple_repositories.TestRepositoriesModule" name="test_repositories_module_import" time="0.001" /><testcase classname="tests.unit.test_simple_repositories.TestRepositoriesModule" name="test_user_repository_import" time="0.001" /><testcase classname="tests.unit.test_simple_repositories.TestRepositoriesModule" name="test_book_repository_import" time="0.000" /><testcase classname="tests.unit.test_simple_repositories.TestRepositoriesModule" name="test_review_repository_import" time="0.000" /><testcase classname="tests.unit.test_simple_repositories.TestRepositoriesModule" name="test_exchange_repository_import" time="0.000" /><testcase classname="tests.unit.test_simple_repositories.TestRepositoriesModule" name="test_base_repository_import" time="0.000" /><testcase classname="tests.unit.test_simple_repositories.TestRepositoriesModule" name="test_repositories_module_structure" time="0.000" /><testcase classname="tests.unit.test_simple_repositories.TestRepositoriesModule" name="test_repository_classes_are_callable" time="0.000" /><testcase classname="tests.integration.test_basic_integration.TestBasicIntegration" name="test_app_imports" time="0.001" /><testcase classname="tests.integration.test_basic_integration.TestBasicIntegration" name="test_models_import" time="0.001" /><testcase classname="tests.integration.test_basic_integration.TestBasicIntegration" name="test_repositories_import" time="0.001" /><testcase classname="tests.integration.test_basic_integration.TestBasicIntegration" name="test_services_import" time="0.001" /><testcase classname="tests.integration.test_basic_integration.TestBasicIntegration" name="test_config_import" time="0.001" /><testcase classname="tests.integration.test_basic_integration.TestBasicIntegration" name="test_database_import" time="0.000" /><testcase classname="tests.integration.test_basic_integration.TestBasicIntegration" name="test_api_import" time="0.000" /><testcase classname="tests.integration.test_basic_integration.TestBasicIntegration" name="test_schemas_import" time="0.000" /><testcase classname="tests.integration.test_basic_integration.TestBasicIntegration" name="test_security_import" time="0.001" /><testcase classname="tests.integration.test_basic_integration.TestBasicIntegration" name="test_dependencies_import" time="0.001" /></testsuite></testsuites>